
> parking-management@0.1.0 build
> next build

Ôû▓ Next.js 16.1.1 (Turbopack)
- Environments: .env.local

  Creating an optimized production build ...
Ô£ô Compiled successfully in 2.7s
  Running TypeScript ...
node.exe : Failed to 
compile.
En línea: 1 
Carácter: 1
+ & "C:\Program Files
\nodejs/node.exe" 
"C:\Program 
Files\nodejs/node_mo 
...
+ ~~~~~~~~~~~~~~~~~~~
~~~~~~~~~~~~~~~~~~~~~
~~~~~~~~~~~~~~~~~~~~~
~~~~~~~~
    + CategoryInfo   
           : NotSpe  
  cified: (Failed    
 to compile.:Stri    
ng) [], RemoteEx    
ception
    + FullyQualified 
   ErrorId : Native  
  CommandError
 

./src/app/api/hikvisi
on/route.ts:92:13
Type error: 
Parameter 'res' 
implicitly has an 
'any' type.

[0m [90m 90 |[39m 
      [33m.[39minne
rJoin(accesses[33m,
[39m eq(cameras[33m.
[39maccessId[33m,[
39m accesses[33m.[3
9mid))
 [90m 91 |[39m     
  [33m.[39mwhere(eq
(cameras[33m.[39mde
viceName[33m,[39m 
deviceName))
[31m[1m>[22m[39m
[90m 92 |[39m       
[33m.[39mthen(res 
[33m=>[39m res[[35
m0[39m])[33m;[39m
 [90m    |[39m     
        
[31m[1m^[22m[39m
 [90m 93 |[39m
 [90m 94 |[39m     
[90m// Variables de 
decisi├│n[39m
 [90m 95 |[39m     
[36mlet[39m 
finalAccessId 
[33m=[39m camResult
s[33m?[39m[33m.[3
9maccess[33m.[39mid
[33m;[39m[0m
Next.js build worker 
exited with code: 1 
and signal: null
